--------------------------------------------------------------------------------
Release 14.7 Trace  (nt64)
Copyright (c) 1995-2013 Xilinx, Inc.  All rights reserved.

D:\Xilinx\14.7\ISE_DS\ISE\bin\nt64\unwrapped\trce.exe -intstyle ise -o
mojo_top_0.twr -v 30 -l 30 mojo_top_0_routed.ncd mojo_top_0.pcf

Design file:              mojo_top_0_routed.ncd
Physical constraint file: mojo_top_0.pcf
Device,package,speed:     xc6slx9,tqg144,C,-2 (PRODUCTION 1.23 2013-10-13)
Report level:             verbose report, limited to 30 items per constraint

Environment Variable      Effect 
--------------------      ------ 
NONE                      No environment variables were set
--------------------------------------------------------------------------------

INFO:Timing:2698 - No timing constraints found, doing default enumeration.
INFO:Timing:3412 - To improve timing, see the Timing Closure User Guide (UG612).
INFO:Timing:2752 - To get complete path coverage, use the unconstrained paths 
   option. All paths that are not constrained will be reported in the 
   unconstrained paths section(s) of the report.
INFO:Timing:3339 - The clock-to-out numbers in this timing report are based on 
   a 50 Ohm transmission line loading model.  For the details of this model, 
   and for more information on accounting for different loading conditions, 
   please see the device datasheet.



Data Sheet report:
-----------------
All values displayed in nanoseconds (ns)

Pad to Pad
---------------+---------------+---------+
Source Pad     |Destination Pad|  Delay  |
---------------+---------------+---------+
io_dip[0]      |io_led[0]      |    9.812|
io_dip[0]      |io_led[16]     |  623.451|
io_dip[0]      |io_led[17]     |  624.276|
io_dip[0]      |io_led[18]     |  624.398|
io_dip[0]      |io_led[19]     |  624.983|
io_dip[0]      |io_led[20]     |  623.550|
io_dip[0]      |io_led[21]     |  624.304|
io_dip[0]      |io_led[22]     |  624.304|
io_dip[0]      |io_led[23]     |  624.951|
io_dip[0]      |led[0]         |   13.262|
io_dip[0]      |led[1]         |   11.720|
io_dip[0]      |led[2]         |   12.236|
io_dip[1]      |io_led[1]      |    9.470|
io_dip[1]      |io_led[16]     |  620.185|
io_dip[1]      |io_led[17]     |  621.010|
io_dip[1]      |io_led[18]     |  621.132|
io_dip[1]      |io_led[19]     |  621.717|
io_dip[1]      |io_led[20]     |  620.284|
io_dip[1]      |io_led[21]     |  621.038|
io_dip[1]      |io_led[22]     |  621.038|
io_dip[1]      |io_led[23]     |  621.685|
io_dip[1]      |led[0]         |   13.114|
io_dip[1]      |led[1]         |   11.571|
io_dip[1]      |led[2]         |   12.087|
io_dip[2]      |io_led[2]      |   10.764|
io_dip[2]      |io_led[16]     |  619.147|
io_dip[2]      |io_led[17]     |  619.972|
io_dip[2]      |io_led[18]     |  620.094|
io_dip[2]      |io_led[19]     |  620.679|
io_dip[2]      |io_led[20]     |  619.246|
io_dip[2]      |io_led[21]     |  620.000|
io_dip[2]      |io_led[22]     |  620.000|
io_dip[2]      |io_led[23]     |  620.647|
io_dip[2]      |led[0]         |   13.222|
io_dip[2]      |led[1]         |   11.728|
io_dip[2]      |led[2]         |   12.244|
io_dip[3]      |io_led[3]      |   11.371|
io_dip[3]      |io_led[16]     |  614.954|
io_dip[3]      |io_led[17]     |  615.779|
io_dip[3]      |io_led[18]     |  615.901|
io_dip[3]      |io_led[19]     |  616.486|
io_dip[3]      |io_led[20]     |  615.053|
io_dip[3]      |io_led[21]     |  615.807|
io_dip[3]      |io_led[22]     |  615.807|
io_dip[3]      |io_led[23]     |  616.454|
io_dip[3]      |led[0]         |   13.066|
io_dip[3]      |led[1]         |   11.684|
io_dip[3]      |led[2]         |   12.200|
io_dip[4]      |io_led[4]      |   12.686|
io_dip[4]      |io_led[16]     |  612.443|
io_dip[4]      |io_led[17]     |  613.268|
io_dip[4]      |io_led[18]     |  613.390|
io_dip[4]      |io_led[19]     |  613.975|
io_dip[4]      |io_led[20]     |  612.542|
io_dip[4]      |io_led[21]     |  613.296|
io_dip[4]      |io_led[22]     |  613.296|
io_dip[4]      |io_led[23]     |  613.943|
io_dip[4]      |led[0]         |   13.067|
io_dip[4]      |led[1]         |   11.885|
io_dip[4]      |led[2]         |   12.398|
io_dip[5]      |io_led[5]      |   10.538|
io_dip[5]      |io_led[16]     |  609.743|
io_dip[5]      |io_led[17]     |  610.568|
io_dip[5]      |io_led[18]     |  610.690|
io_dip[5]      |io_led[19]     |  611.275|
io_dip[5]      |io_led[20]     |  609.842|
io_dip[5]      |io_led[21]     |  610.596|
io_dip[5]      |io_led[22]     |  610.596|
io_dip[5]      |io_led[23]     |  611.243|
io_dip[5]      |led[0]         |   13.576|
io_dip[5]      |led[1]         |   12.525|
io_dip[5]      |led[2]         |   13.039|
io_dip[6]      |io_led[6]      |   10.514|
io_dip[6]      |io_led[16]     |  606.471|
io_dip[6]      |io_led[17]     |  607.296|
io_dip[6]      |io_led[18]     |  607.418|
io_dip[6]      |io_led[19]     |  608.003|
io_dip[6]      |io_led[20]     |  606.570|
io_dip[6]      |io_led[21]     |  607.324|
io_dip[6]      |io_led[22]     |  607.324|
io_dip[6]      |io_led[23]     |  607.971|
io_dip[6]      |led[0]         |   13.385|
io_dip[6]      |led[1]         |   12.355|
io_dip[6]      |led[2]         |   12.841|
io_dip[7]      |io_led[7]      |   13.465|
io_dip[7]      |io_led[16]     |  602.874|
io_dip[7]      |io_led[17]     |  603.699|
io_dip[7]      |io_led[18]     |  603.821|
io_dip[7]      |io_led[19]     |  604.406|
io_dip[7]      |io_led[20]     |  602.973|
io_dip[7]      |io_led[21]     |  603.727|
io_dip[7]      |io_led[22]     |  603.727|
io_dip[7]      |io_led[23]     |  604.374|
io_dip[7]      |led[1]         |   12.381|
io_dip[7]      |led[2]         |   12.855|
io_dip[8]      |io_led[8]      |   10.625|
io_dip[8]      |io_led[16]     |  625.426|
io_dip[8]      |io_led[17]     |  626.251|
io_dip[8]      |io_led[18]     |  626.373|
io_dip[8]      |io_led[19]     |  626.958|
io_dip[8]      |io_led[20]     |  625.525|
io_dip[8]      |io_led[21]     |  626.279|
io_dip[8]      |io_led[22]     |  626.279|
io_dip[8]      |io_led[23]     |  626.926|
io_dip[8]      |led[0]         |   13.521|
io_dip[8]      |led[1]         |   11.979|
io_dip[8]      |led[2]         |   12.495|
io_dip[9]      |io_led[9]      |   11.532|
io_dip[9]      |io_led[16]     |  621.098|
io_dip[9]      |io_led[17]     |  621.923|
io_dip[9]      |io_led[18]     |  622.045|
io_dip[9]      |io_led[19]     |  622.630|
io_dip[9]      |io_led[20]     |  621.197|
io_dip[9]      |io_led[21]     |  621.951|
io_dip[9]      |io_led[22]     |  621.951|
io_dip[9]      |io_led[23]     |  622.598|
io_dip[9]      |led[0]         |   13.740|
io_dip[9]      |led[1]         |   12.197|
io_dip[9]      |led[2]         |   12.713|
io_dip[10]     |io_led[10]     |   11.871|
io_dip[10]     |io_led[16]     |  617.929|
io_dip[10]     |io_led[17]     |  618.754|
io_dip[10]     |io_led[18]     |  618.876|
io_dip[10]     |io_led[19]     |  619.461|
io_dip[10]     |io_led[20]     |  618.028|
io_dip[10]     |io_led[21]     |  618.782|
io_dip[10]     |io_led[22]     |  618.782|
io_dip[10]     |io_led[23]     |  619.429|
io_dip[10]     |led[0]         |   13.371|
io_dip[10]     |led[1]         |   11.856|
io_dip[10]     |led[2]         |   12.372|
io_dip[11]     |io_led[11]     |   11.208|
io_dip[11]     |io_led[16]     |  615.649|
io_dip[11]     |io_led[17]     |  616.474|
io_dip[11]     |io_led[18]     |  616.596|
io_dip[11]     |io_led[19]     |  617.181|
io_dip[11]     |io_led[20]     |  615.748|
io_dip[11]     |io_led[21]     |  616.502|
io_dip[11]     |io_led[22]     |  616.502|
io_dip[11]     |io_led[23]     |  617.149|
io_dip[11]     |led[0]         |   14.098|
io_dip[11]     |led[1]         |   12.595|
io_dip[11]     |led[2]         |   13.111|
io_dip[12]     |io_led[12]     |   13.463|
io_dip[12]     |io_led[16]     |  613.103|
io_dip[12]     |io_led[17]     |  613.928|
io_dip[12]     |io_led[18]     |  614.050|
io_dip[12]     |io_led[19]     |  614.635|
io_dip[12]     |io_led[20]     |  613.202|
io_dip[12]     |io_led[21]     |  613.956|
io_dip[12]     |io_led[22]     |  613.956|
io_dip[12]     |io_led[23]     |  614.603|
io_dip[12]     |led[0]         |   14.090|
io_dip[12]     |led[1]         |   12.908|
io_dip[12]     |led[2]         |   13.421|
io_dip[13]     |io_led[13]     |   10.622|
io_dip[13]     |io_led[16]     |  609.423|
io_dip[13]     |io_led[17]     |  610.248|
io_dip[13]     |io_led[18]     |  610.370|
io_dip[13]     |io_led[19]     |  610.955|
io_dip[13]     |io_led[20]     |  609.522|
io_dip[13]     |io_led[21]     |  610.276|
io_dip[13]     |io_led[22]     |  610.276|
io_dip[13]     |io_led[23]     |  610.923|
io_dip[13]     |led[0]         |   12.869|
io_dip[13]     |led[1]         |   11.818|
io_dip[13]     |led[2]         |   12.332|
io_dip[14]     |io_led[14]     |   12.228|
io_dip[14]     |io_led[16]     |  607.119|
io_dip[14]     |io_led[17]     |  607.944|
io_dip[14]     |io_led[18]     |  608.066|
io_dip[14]     |io_led[19]     |  608.651|
io_dip[14]     |io_led[20]     |  607.218|
io_dip[14]     |io_led[21]     |  607.972|
io_dip[14]     |io_led[22]     |  607.972|
io_dip[14]     |io_led[23]     |  608.619|
io_dip[14]     |led[0]         |   12.888|
io_dip[14]     |led[1]         |   11.858|
io_dip[14]     |led[2]         |   12.344|
io_dip[15]     |io_led[15]     |   12.924|
io_dip[15]     |io_led[16]     |  605.039|
io_dip[15]     |io_led[17]     |  605.864|
io_dip[15]     |io_led[18]     |  605.986|
io_dip[15]     |io_led[19]     |  606.571|
io_dip[15]     |io_led[20]     |  605.138|
io_dip[15]     |io_led[21]     |  605.892|
io_dip[15]     |io_led[22]     |  605.892|
io_dip[15]     |io_led[23]     |  606.539|
io_dip[15]     |led[1]         |   11.801|
io_dip[15]     |led[2]         |   12.275|
io_dip[16]     |io_led[16]     |   17.151|
io_dip[16]     |io_led[17]     |   17.612|
io_dip[16]     |io_led[18]     |   17.551|
io_dip[16]     |io_led[19]     |   17.962|
io_dip[16]     |io_led[20]     |   18.321|
io_dip[16]     |io_led[21]     |   17.600|
io_dip[16]     |io_led[22]     |   17.314|
io_dip[16]     |io_led[23]     |   16.514|
io_dip[17]     |io_led[16]     |   16.758|
io_dip[17]     |io_led[17]     |   17.844|
io_dip[17]     |io_led[18]     |   17.386|
io_dip[17]     |io_led[19]     |   18.165|
io_dip[17]     |io_led[20]     |   18.554|
io_dip[17]     |io_led[21]     |   17.725|
io_dip[17]     |io_led[22]     |   17.543|
io_dip[17]     |io_led[23]     |   16.057|
io_dip[18]     |io_led[16]     |   17.389|
io_dip[18]     |io_led[17]     |   16.478|
io_dip[18]     |io_led[18]     |   17.507|
io_dip[18]     |io_led[19]     |   18.186|
io_dip[18]     |io_led[20]     |   16.580|
io_dip[18]     |io_led[21]     |   16.770|
io_dip[18]     |io_led[22]     |   17.935|
io_dip[18]     |io_led[23]     |   17.884|
io_dip[19]     |io_led[16]     |   17.409|
io_dip[19]     |io_led[17]     |   16.957|
io_dip[19]     |io_led[18]     |   17.599|
io_dip[19]     |io_led[19]     |   18.049|
io_dip[19]     |io_led[20]     |   17.059|
io_dip[19]     |io_led[21]     |   16.790|
io_dip[19]     |io_led[22]     |   18.288|
io_dip[19]     |io_led[23]     |   17.412|
io_dip[20]     |io_led[16]     |   17.261|
io_dip[20]     |io_led[17]     |   16.295|
io_dip[20]     |io_led[18]     |   15.931|
io_dip[20]     |io_led[19]     |   18.399|
io_dip[20]     |io_led[20]     |   16.397|
io_dip[20]     |io_led[21]     |   16.642|
io_dip[20]     |io_led[22]     |   16.451|
io_dip[20]     |io_led[23]     |   17.043|
io_dip[21]     |io_led[16]     |   17.249|
io_dip[21]     |io_led[17]     |   18.047|
io_dip[21]     |io_led[18]     |   17.649|
io_dip[21]     |io_led[19]     |   18.537|
io_dip[21]     |io_led[20]     |   18.623|
io_dip[21]     |io_led[21]     |   17.941|
io_dip[21]     |io_led[22]     |   17.558|
io_dip[21]     |io_led[23]     |   17.181|
---------------+---------------+---------+


Analysis completed Thu Oct 20 17:38:40 2016 
--------------------------------------------------------------------------------

Trace Settings:
-------------------------
Trace Settings 

Peak Memory Usage: 228 MB



