--------------------------------------------------------------------------------
Release 14.7 Trace  (nt64)
Copyright (c) 1995-2013 Xilinx, Inc.  All rights reserved.

D:\Xilinx\14.7\ISE_DS\ISE\bin\nt64\unwrapped\trce.exe -intstyle ise -o
mojo_top_0.twr -v 30 -l 30 mojo_top_0_routed.ncd mojo_top_0.pcf

Design file:              mojo_top_0_routed.ncd
Physical constraint file: mojo_top_0.pcf
Device,package,speed:     xc6slx9,tqg144,C,-2 (PRODUCTION 1.23 2013-10-13)
Report level:             verbose report, limited to 30 items per constraint

Environment Variable      Effect 
--------------------      ------ 
NONE                      No environment variables were set
--------------------------------------------------------------------------------

INFO:Timing:2698 - No timing constraints found, doing default enumeration.
INFO:Timing:3412 - To improve timing, see the Timing Closure User Guide (UG612).
INFO:Timing:2752 - To get complete path coverage, use the unconstrained paths 
   option. All paths that are not constrained will be reported in the 
   unconstrained paths section(s) of the report.
INFO:Timing:3339 - The clock-to-out numbers in this timing report are based on 
   a 50 Ohm transmission line loading model.  For the details of this model, 
   and for more information on accounting for different loading conditions, 
   please see the device datasheet.



Data Sheet report:
-----------------
All values displayed in nanoseconds (ns)

Pad to Pad
---------------+---------------+---------+
Source Pad     |Destination Pad|  Delay  |
---------------+---------------+---------+
io_dip[0]      |io_led[0]      |   10.026|
io_dip[0]      |io_led[16]     |  622.963|
io_dip[0]      |io_led[17]     |  623.618|
io_dip[0]      |io_led[18]     |  623.311|
io_dip[0]      |io_led[19]     |  624.765|
io_dip[0]      |io_led[20]     |  623.425|
io_dip[0]      |io_led[21]     |  623.651|
io_dip[0]      |io_led[22]     |  623.452|
io_dip[0]      |io_led[23]     |  624.661|
io_dip[1]      |io_led[1]      |    9.508|
io_dip[1]      |io_led[16]     |  619.970|
io_dip[1]      |io_led[17]     |  620.625|
io_dip[1]      |io_led[18]     |  620.318|
io_dip[1]      |io_led[19]     |  621.772|
io_dip[1]      |io_led[20]     |  620.432|
io_dip[1]      |io_led[21]     |  620.658|
io_dip[1]      |io_led[22]     |  620.459|
io_dip[1]      |io_led[23]     |  621.668|
io_dip[2]      |io_led[2]      |   10.762|
io_dip[2]      |io_led[16]     |  617.868|
io_dip[2]      |io_led[17]     |  618.523|
io_dip[2]      |io_led[18]     |  618.216|
io_dip[2]      |io_led[19]     |  619.670|
io_dip[2]      |io_led[20]     |  618.330|
io_dip[2]      |io_led[21]     |  618.556|
io_dip[2]      |io_led[22]     |  618.357|
io_dip[2]      |io_led[23]     |  619.566|
io_dip[3]      |io_led[3]      |   11.645|
io_dip[3]      |io_led[16]     |  614.499|
io_dip[3]      |io_led[17]     |  615.154|
io_dip[3]      |io_led[18]     |  614.847|
io_dip[3]      |io_led[19]     |  616.301|
io_dip[3]      |io_led[20]     |  614.961|
io_dip[3]      |io_led[21]     |  615.187|
io_dip[3]      |io_led[22]     |  614.988|
io_dip[3]      |io_led[23]     |  616.197|
io_dip[4]      |io_led[4]      |   11.222|
io_dip[4]      |io_led[16]     |  613.269|
io_dip[4]      |io_led[17]     |  613.924|
io_dip[4]      |io_led[18]     |  613.617|
io_dip[4]      |io_led[19]     |  615.071|
io_dip[4]      |io_led[20]     |  613.731|
io_dip[4]      |io_led[21]     |  613.957|
io_dip[4]      |io_led[22]     |  613.758|
io_dip[4]      |io_led[23]     |  614.967|
io_dip[5]      |io_led[5]      |   10.983|
io_dip[5]      |io_led[16]     |  609.915|
io_dip[5]      |io_led[17]     |  610.570|
io_dip[5]      |io_led[18]     |  610.263|
io_dip[5]      |io_led[19]     |  611.717|
io_dip[5]      |io_led[20]     |  610.377|
io_dip[5]      |io_led[21]     |  610.603|
io_dip[5]      |io_led[22]     |  610.404|
io_dip[5]      |io_led[23]     |  611.613|
io_dip[6]      |io_led[6]      |   12.717|
io_dip[6]      |io_led[16]     |  606.040|
io_dip[6]      |io_led[17]     |  606.695|
io_dip[6]      |io_led[18]     |  606.388|
io_dip[6]      |io_led[19]     |  607.842|
io_dip[6]      |io_led[20]     |  606.502|
io_dip[6]      |io_led[21]     |  606.728|
io_dip[6]      |io_led[22]     |  606.529|
io_dip[6]      |io_led[23]     |  607.738|
io_dip[7]      |io_led[7]      |   10.862|
io_dip[7]      |io_led[16]     |  602.787|
io_dip[7]      |io_led[17]     |  603.442|
io_dip[7]      |io_led[18]     |  603.135|
io_dip[7]      |io_led[19]     |  604.589|
io_dip[7]      |io_led[20]     |  603.249|
io_dip[7]      |io_led[21]     |  603.475|
io_dip[7]      |io_led[22]     |  603.276|
io_dip[7]      |io_led[23]     |  604.485|
io_dip[8]      |io_led[8]      |   12.058|
io_dip[8]      |io_led[16]     |  625.758|
io_dip[8]      |io_led[17]     |  626.413|
io_dip[8]      |io_led[18]     |  626.106|
io_dip[8]      |io_led[19]     |  627.560|
io_dip[8]      |io_led[20]     |  626.220|
io_dip[8]      |io_led[21]     |  626.446|
io_dip[8]      |io_led[22]     |  626.247|
io_dip[8]      |io_led[23]     |  627.456|
io_dip[9]      |io_led[9]      |   11.771|
io_dip[9]      |io_led[16]     |  620.882|
io_dip[9]      |io_led[17]     |  621.537|
io_dip[9]      |io_led[18]     |  621.230|
io_dip[9]      |io_led[19]     |  622.684|
io_dip[9]      |io_led[20]     |  621.344|
io_dip[9]      |io_led[21]     |  621.570|
io_dip[9]      |io_led[22]     |  621.371|
io_dip[9]      |io_led[23]     |  622.580|
io_dip[10]     |io_led[10]     |   14.129|
io_dip[10]     |io_led[16]     |  619.215|
io_dip[10]     |io_led[17]     |  619.870|
io_dip[10]     |io_led[18]     |  619.563|
io_dip[10]     |io_led[19]     |  621.017|
io_dip[10]     |io_led[20]     |  619.677|
io_dip[10]     |io_led[21]     |  619.903|
io_dip[10]     |io_led[22]     |  619.704|
io_dip[10]     |io_led[23]     |  620.913|
io_dip[11]     |io_led[11]     |   13.561|
io_dip[11]     |io_led[16]     |  616.363|
io_dip[11]     |io_led[17]     |  617.018|
io_dip[11]     |io_led[18]     |  616.711|
io_dip[11]     |io_led[19]     |  618.165|
io_dip[11]     |io_led[20]     |  616.825|
io_dip[11]     |io_led[21]     |  617.051|
io_dip[11]     |io_led[22]     |  616.852|
io_dip[11]     |io_led[23]     |  618.061|
io_dip[12]     |io_led[12]     |   13.727|
io_dip[12]     |io_led[16]     |  612.677|
io_dip[12]     |io_led[17]     |  613.332|
io_dip[12]     |io_led[18]     |  613.025|
io_dip[12]     |io_led[19]     |  614.479|
io_dip[12]     |io_led[20]     |  613.139|
io_dip[12]     |io_led[21]     |  613.365|
io_dip[12]     |io_led[22]     |  613.166|
io_dip[12]     |io_led[23]     |  614.375|
io_dip[13]     |io_led[13]     |   13.622|
io_dip[13]     |io_led[16]     |  608.960|
io_dip[13]     |io_led[17]     |  609.615|
io_dip[13]     |io_led[18]     |  609.308|
io_dip[13]     |io_led[19]     |  610.762|
io_dip[13]     |io_led[20]     |  609.422|
io_dip[13]     |io_led[21]     |  609.648|
io_dip[13]     |io_led[22]     |  609.449|
io_dip[13]     |io_led[23]     |  610.658|
io_dip[14]     |io_led[14]     |   12.222|
io_dip[14]     |io_led[16]     |  606.893|
io_dip[14]     |io_led[17]     |  607.548|
io_dip[14]     |io_led[18]     |  607.241|
io_dip[14]     |io_led[19]     |  608.695|
io_dip[14]     |io_led[20]     |  607.355|
io_dip[14]     |io_led[21]     |  607.581|
io_dip[14]     |io_led[22]     |  607.382|
io_dip[14]     |io_led[23]     |  608.591|
io_dip[15]     |io_led[15]     |   14.552|
io_dip[15]     |io_led[16]     |  604.088|
io_dip[15]     |io_led[17]     |  604.743|
io_dip[15]     |io_led[18]     |  604.436|
io_dip[15]     |io_led[19]     |  605.890|
io_dip[15]     |io_led[20]     |  604.550|
io_dip[15]     |io_led[21]     |  604.776|
io_dip[15]     |io_led[22]     |  604.577|
io_dip[15]     |io_led[23]     |  605.786|
io_dip[16]     |io_led[16]     |   17.796|
io_dip[16]     |io_led[17]     |   17.491|
io_dip[16]     |io_led[18]     |   18.178|
io_dip[16]     |io_led[19]     |   17.504|
io_dip[16]     |io_led[20]     |   19.612|
io_dip[16]     |io_led[21]     |   18.825|
io_dip[16]     |io_led[22]     |   18.726|
io_dip[16]     |io_led[23]     |   16.556|
io_dip[17]     |io_led[16]     |   17.326|
io_dip[17]     |io_led[17]     |   17.791|
io_dip[17]     |io_led[18]     |   17.708|
io_dip[17]     |io_led[19]     |   18.515|
io_dip[17]     |io_led[20]     |   19.234|
io_dip[17]     |io_led[21]     |   19.125|
io_dip[17]     |io_led[22]     |   18.174|
io_dip[17]     |io_led[23]     |   17.117|
io_dip[18]     |io_led[16]     |   17.364|
io_dip[18]     |io_led[17]     |   16.073|
io_dip[18]     |io_led[18]     |   16.400|
io_dip[18]     |io_led[19]     |   17.981|
io_dip[18]     |io_led[20]     |   16.634|
io_dip[18]     |io_led[21]     |   16.593|
io_dip[18]     |io_led[22]     |   17.031|
io_dip[18]     |io_led[23]     |   17.869|
io_dip[19]     |io_led[16]     |   17.986|
io_dip[19]     |io_led[17]     |   16.598|
io_dip[19]     |io_led[18]     |   17.412|
io_dip[19]     |io_led[19]     |   18.727|
io_dip[19]     |io_led[20]     |   17.196|
io_dip[19]     |io_led[21]     |   16.979|
io_dip[19]     |io_led[22]     |   18.249|
io_dip[19]     |io_led[23]     |   17.509|
io_dip[20]     |io_led[16]     |   17.368|
io_dip[20]     |io_led[17]     |   15.980|
io_dip[20]     |io_led[18]     |   15.684|
io_dip[20]     |io_led[19]     |   18.224|
io_dip[20]     |io_led[20]     |   16.578|
io_dip[20]     |io_led[21]     |   16.361|
io_dip[20]     |io_led[22]     |   16.365|
io_dip[20]     |io_led[23]     |   17.371|
io_dip[21]     |io_led[16]     |   18.798|
io_dip[21]     |io_led[17]     |   18.231|
io_dip[21]     |io_led[18]     |   19.180|
io_dip[21]     |io_led[19]     |   18.949|
io_dip[21]     |io_led[20]     |   20.038|
io_dip[21]     |io_led[21]     |   19.213|
io_dip[21]     |io_led[22]     |   19.327|
io_dip[21]     |io_led[23]     |   18.557|
---------------+---------------+---------+


Analysis completed Thu Oct 20 11:44:23 2016 
--------------------------------------------------------------------------------

Trace Settings:
-------------------------
Trace Settings 

Peak Memory Usage: 228 MB



